app/api/plan/route.ts(1,30): error TS2307: Cannot find module '@/utils/supabase/server' or its corresponding type declarations.
app/api/plan/route.ts(4,43): error TS2307: Cannot find module '@/utils/plan-calculator' or its corresponding type declarations.
